/mnt/d/Documents/Courses/testingpython/go-basic.obo: fmt(1.2) rel(2021-10-26) 47,197 GO Terms
Invalid GO term "foo"
