/mnt/d/Documents/Courses/testingpython/go-basic.obo: fmt(1.2) rel(2021-10-26) 47,197 GO Terms
GO:0005739	level-05	depth-05	mitochondrion [cellular_component]
