/mnt/d/Documents/Courses/testingpython/go-basic.obo: fmt(1.2) rel(2021-10-26) 47,197 GO Terms
Invalid GO term "foo"
Invalid GO term "bar"
Invalid GO term "baz"
Invalid GO term "fermite"
Invalid GO term "fomite"
Invalid GO term "terrain"
Invalid GO term "terranium"
Invalid GO term "lamp"
Invalid GO term "post"
