/mnt/d/Documents/Courses/testingpython/go-basic.obo: fmt(1.2) rel(2021-10-26) 47,197 GO Terms
Invalid GO term "GO:ID"
GO:0005654	level-02	depth-02	nucleoplasm [cellular_component]
GO:0005737	level-02	depth-02	cytoplasm [cellular_component]
GO:0006479	level-04	depth-08	protein methylation [biological_process]
GO:0008276	level-03	depth-05	protein methyltransferase activity [molecular_function]
GO:0008284	level-05	depth-05	positive regulation of cell population proliferation [biological_process]
GO:0010628	level-06	depth-06	positive regulation of gene expression [biological_process]
GO:0042802	level-03	depth-03	identical protein binding [molecular_function]
GO:0001228	level-04	depth-04	DNA-binding transcription activator activity, RNA polymerase II-specific [molecular_function]
GO:0010923	level-06	depth-09	negative regulation of phosphatase activity [biological_process]
GO:0019902	level-04	depth-04	phosphatase binding [molecular_function]
GO:0045944	level-08	depth-11	positive regulation of transcription by RNA polymerase II [biological_process]
GO:0006355	level-06	depth-09	regulation of transcription, DNA-templated [biological_process]
GO:0008270	level-06	depth-06	zinc ion binding [molecular_function]
GO:0035097	level-03	depth-05	histone methyltransferase complex [cellular_component]
GO:0042800	level-06	depth-09	histone methyltransferase activity (H3-K4 specific) [molecular_function]
GO:0044648	level-07	depth-12	histone H3-K4 dimethylation [biological_process]
GO:0045322	level-06	depth-06	unmethylated CpG binding [molecular_function]
GO:0097692	level-08	depth-12	histone H3-K4 monomethylation [biological_process]
GO:0005654	level-02	depth-02	nucleoplasm [cellular_component]
